╭────────────────────────────────────────────────╮
│[0;38;2;0;0;128mℹ[0m Alert 2                                       │
╰────────────────────────────────────────────────╯
╭────────────────────────────────────────────────╮
│[0;38;2;0;0;128mℹ[0m Alert 3                                       │
╰────────────────────────────────────────────────╯
╭────────────────────────────────────────────────╮
│[0;38;2;0;0;128mℹ[0m Alert 4                                       │
╰────────────────────────────────────────────────╯
line                                              
line                                              
line                                              