╭────────────────────────────────────────────────╮
│[0;38;2;0;0;128mℹ[0m Operation completed successfully              │
╰────────────────────────────────────────────────╯
line                                              
line                                              
line                                              
line                                              
line                                              
line                                              
line                                              
line                                              
line                                              