╭────────────────────────────────────────────────╮
│[0;38;2;0;0;238mℹ[0m Operation completed successfully              │
╰────────────────────────────────────────────────╯
line                                              
line                                              
line                                              
line                                              
line                                              
line                                              
line                                              
line                                              
line                                              