╭────────────────────────────────────────────────╮
│[0;38;2;128;0;0m✖[0m Something went wrong                          │
╰────────────────────────────────────────────────╯
╭────────────────────────────────────────────────╮
│[0;38;2;128;128;0m⚠[0m This is a warning                             │
╰────────────────────────────────────────────────╯
╭────────────────────────────────────────────────╮
│[0;38;2;0;0;128mℹ[0m Here is some information                      │
╰────────────────────────────────────────────────╯
line                                              
line                                              
line                                              