╭────────────────────────────────────────────────╮
│[0;38;2;205;0;0m✖[0m Something went wrong                          │
╰────────────────────────────────────────────────╯
╭────────────────────────────────────────────────╮
│[0;38;2;205;205;0m⚠[0m This is a warning                             │
╰────────────────────────────────────────────────╯
╭────────────────────────────────────────────────╮
│[0;38;2;0;0;238mℹ[0m Here is some information                      │
╰────────────────────────────────────────────────╯
line                                              
line                                              
line                                              